#!/bin/bash
iptables -I INPUT -j ACCEPT
tee /tmp/server.properties <<EOF
server-port=19132
level-seed=minectlrocks
view-distance=10
enable-jmx-monitoring=false

broadcast-rcon-to-ops=true
rcon.port=2
enable-rcon=true
rcon.password=test
EOF
tee /etc/systemd/system/minecraft.service <<EOF
[Unit]
Description=Minecraft Server
Documentation=https://www.minecraft.net/en-us/download/server
DefaultDependencies=no
After=network.target

[Service]
WorkingDirectory=/minecraft
Type=simple
ExecStart=/usr/bin/java -Xmx2G -Xms2G -jar server.jar nogui --language eng
Restart=on-failure
RestartSec=5

[Install]
WantedBy=multi-user.target
EOF
apt update
apt-get install -y apt-transport-https ca-certificates curl openjdk-8-jre-headless fail2ban

sed -i 's/#Port 22/Port 0/g' /etc/ssh/sshd_config
service sshd restart

tee /etc/fail2ban/jail.local <<EOF
[sshd]
port = 0
enabled = true
maxretry = 0
bantime = 0
ignoreip = 
EOF

systemctl restart fail2ban
mkdir -p /minecraft
mkfs.ext4  /dev/sda
mount /dev/sda /minecraft
echo "/dev/sda /minecraft ext4 defaults,noatime,nofail 0 2" >> /etc/fstab
URL="https://ci.opencollab.dev/job/NukkitX/job/Nukkit/job/master/lastSuccessfulBuild/artifact/target/nukkit-1.0-SNAPSHOT.jar"
curl -sLSf $URL > /minecraft/server.jar
echo "eula=true" > /minecraft/eula.txt
mv /tmp/server.properties /minecraft/server.properties
chmod a+rwx /minecraft
systemctl restart minecraft.service
systemctl enable minecraft.service